  Enemy.cpp
  NBC_1_TP1.cpp
C:\Users\rkc32\OneDrive\Desktop\GITHUB\NBC_1\NBC_1_TP1\NBC_1_TP1\Player.hpp(11,14): error C2011: 'Entity': 'class' 형식 재정의
  (소스 파일 'NBC_1_TP1.cpp'을(를) 컴파일하는 중)
      C:\Users\rkc32\OneDrive\Desktop\GITHUB\NBC_1\NBC_1_TP1\NBC_1_TP1\Entity.hpp(5,7):
      'Entity' 선언을 참조하십시오.
  
C:\Users\rkc32\OneDrive\Desktop\GITHUB\NBC_1\NBC_1_TP1\NBC_1_TP1\Player.hpp(24,23): error C2504: 'Entity': 기본 클래스를 정의하지 않았습니다.
  (소스 파일 'NBC_1_TP1.cpp'을(를) 컴파일하는 중)
  
C:\Users\rkc32\OneDrive\Desktop\GITHUB\NBC_1\NBC_1_TP1\NBC_1_TP1\Enemy.h(6,22): error C2504: 'Entity': 기본 클래스를 정의하지 않았습니다.
  (소스 파일 'NBC_1_TP1.cpp'을(를) 컴파일하는 중)
  
C:\Users\rkc32\OneDrive\Desktop\GITHUB\NBC_1\NBC_1_TP1\NBC_1_TP1\NBC_1_TP1.cpp(58,26): error C2681: 'const _Ty': dynamic_cast에 대한 식 형식이 잘못되었습니다.
C:\Users\rkc32\OneDrive\Desktop\GITHUB\NBC_1\NBC_1_TP1\NBC_1_TP1\NBC_1_TP1.cpp(58,26): error C2681:         with
C:\Users\rkc32\OneDrive\Desktop\GITHUB\NBC_1\NBC_1_TP1\NBC_1_TP1\NBC_1_TP1.cpp(58,26): error C2681:         [
C:\Users\rkc32\OneDrive\Desktop\GITHUB\NBC_1\NBC_1_TP1\NBC_1_TP1\NBC_1_TP1.cpp(58,26): error C2681:             _Ty=Entity *
C:\Users\rkc32\OneDrive\Desktop\GITHUB\NBC_1\NBC_1_TP1\NBC_1_TP1\NBC_1_TP1.cpp(58,26): error C2681:         ]
C:\Users\rkc32\OneDrive\Desktop\GITHUB\NBC_1\NBC_1_TP1\NBC_1_TP1\NBC_1_TP1.cpp(99,43): error C2039: 'GetPosX': 'Player'의 멤버가 아닙니다.
      C:\Users\rkc32\OneDrive\Desktop\GITHUB\NBC_1\NBC_1_TP1\NBC_1_TP1\Player.hpp(24,7):
      'Player' 선언을 참조하십시오.
  
C:\Users\rkc32\OneDrive\Desktop\GITHUB\NBC_1\NBC_1_TP1\NBC_1_TP1\NBC_1_TP1.cpp(99,62): error C2039: 'GetPosY': 'Player'의 멤버가 아닙니다.
      C:\Users\rkc32\OneDrive\Desktop\GITHUB\NBC_1\NBC_1_TP1\NBC_1_TP1\Player.hpp(24,7):
      'Player' 선언을 참조하십시오.
  
C:\Users\rkc32\OneDrive\Desktop\GITHUB\NBC_1\NBC_1_TP1\NBC_1_TP1\NBC_1_TP1.cpp(99,13): error C2660: 'BattleGrid::PlaceEntity': 함수는 1개의 인수를 사용하지 않습니다.
      C:\Users\rkc32\OneDrive\Desktop\GITHUB\NBC_1\NBC_1_TP1\NBC_1_TP1\NBC_1_TP1.cpp(35,10):
      'BattleGrid::PlaceEntity' 선언을 참조하십시오.
      C:\Users\rkc32\OneDrive\Desktop\GITHUB\NBC_1\NBC_1_TP1\NBC_1_TP1\NBC_1_TP1.cpp(99,13):
      인수 목록 '(Player *)'을(를) 일치시키는 동안
  
C:\Users\rkc32\OneDrive\Desktop\GITHUB\NBC_1\NBC_1_TP1\NBC_1_TP1\NBC_1_TP1.cpp(100,41): error C2039: 'GetPosX': 'Enemy'의 멤버가 아닙니다.
      C:\Users\rkc32\OneDrive\Desktop\GITHUB\NBC_1\NBC_1_TP1\NBC_1_TP1\Enemy.h(6,7):
      'Enemy' 선언을 참조하십시오.
  
C:\Users\rkc32\OneDrive\Desktop\GITHUB\NBC_1\NBC_1_TP1\NBC_1_TP1\NBC_1_TP1.cpp(100,59): error C2039: 'GetPosY': 'Enemy'의 멤버가 아닙니다.
      C:\Users\rkc32\OneDrive\Desktop\GITHUB\NBC_1\NBC_1_TP1\NBC_1_TP1\Enemy.h(6,7):
      'Enemy' 선언을 참조하십시오.
  
C:\Users\rkc32\OneDrive\Desktop\GITHUB\NBC_1\NBC_1_TP1\NBC_1_TP1\NBC_1_TP1.cpp(100,13): error C2660: 'BattleGrid::PlaceEntity': 함수는 1개의 인수를 사용하지 않습니다.
      C:\Users\rkc32\OneDrive\Desktop\GITHUB\NBC_1\NBC_1_TP1\NBC_1_TP1\NBC_1_TP1.cpp(35,10):
      'BattleGrid::PlaceEntity' 선언을 참조하십시오.
      C:\Users\rkc32\OneDrive\Desktop\GITHUB\NBC_1\NBC_1_TP1\NBC_1_TP1\NBC_1_TP1.cpp(100,13):
      인수 목록 '(Enemy *)'을(를) 일치시키는 동안
  
C:\Users\rkc32\OneDrive\Desktop\GITHUB\NBC_1\NBC_1_TP1\NBC_1_TP1\NBC_1_TP1.cpp(123,27): error C2039: 'GetPosX': 'Enemy'의 멤버가 아닙니다.
      C:\Users\rkc32\OneDrive\Desktop\GITHUB\NBC_1\NBC_1_TP1\NBC_1_TP1\Enemy.h(6,7):
      'Enemy' 선언을 참조하십시오.
  
C:\Users\rkc32\OneDrive\Desktop\GITHUB\NBC_1\NBC_1_TP1\NBC_1_TP1\NBC_1_TP1.cpp(124,27): error C2039: 'GetPosY': 'Enemy'의 멤버가 아닙니다.
      C:\Users\rkc32\OneDrive\Desktop\GITHUB\NBC_1\NBC_1_TP1\NBC_1_TP1\Enemy.h(6,7):
      'Enemy' 선언을 참조하십시오.
  
C:\Users\rkc32\OneDrive\Desktop\GITHUB\NBC_1\NBC_1_TP1\NBC_1_TP1\NBC_1_TP1.cpp(125,14): error C2664: 'void Enemy::Act(Entity *)': 인수 1을(를) 'Player *'에서 'Entity *'(으)로 변환할 수 없습니다.
      C:\Users\rkc32\OneDrive\Desktop\GITHUB\NBC_1\NBC_1_TP1\NBC_1_TP1\NBC_1_TP1.cpp(125,20):
      가리킨 형식이 관련이 없습니다. 변환하려면 reinterpret_cast, C 스타일 캐스트 또는 괄호가 있는 함수 스타일 캐스트가 필요합니다.
      C:\Users\rkc32\OneDrive\Desktop\GITHUB\NBC_1\NBC_1_TP1\NBC_1_TP1\Enemy.h(17,10):
      'Enemy::Act' 선언을 참조하십시오.
      C:\Users\rkc32\OneDrive\Desktop\GITHUB\NBC_1\NBC_1_TP1\NBC_1_TP1\NBC_1_TP1.cpp(125,14):
      인수 목록 '(Player *)'을(를) 일치시키는 동안
  
C:\Users\rkc32\OneDrive\Desktop\GITHUB\NBC_1\NBC_1_TP1\NBC_1_TP1\NBC_1_TP1.cpp(126,52): error C2039: 'GetPosX': 'Enemy'의 멤버가 아닙니다.
      C:\Users\rkc32\OneDrive\Desktop\GITHUB\NBC_1\NBC_1_TP1\NBC_1_TP1\Enemy.h(6,7):
      'Enemy' 선언을 참조하십시오.
  
C:\Users\rkc32\OneDrive\Desktop\GITHUB\NBC_1\NBC_1_TP1\NBC_1_TP1\NBC_1_TP1.cpp(126,70): error C2039: 'GetPosY': 'Enemy'의 멤버가 아닙니다.
      C:\Users\rkc32\OneDrive\Desktop\GITHUB\NBC_1\NBC_1_TP1\NBC_1_TP1\Enemy.h(6,7):
      'Enemy' 선언을 참조하십시오.
  
C:\Users\rkc32\OneDrive\Desktop\GITHUB\NBC_1\NBC_1_TP1\NBC_1_TP1\NBC_1_TP1.cpp(126,13): error C2660: 'BattleGrid::MoveEntity': 함수는 3개의 인수를 사용하지 않습니다.
      C:\Users\rkc32\OneDrive\Desktop\GITHUB\NBC_1\NBC_1_TP1\NBC_1_TP1\NBC_1_TP1.cpp(45,10):
      'BattleGrid::MoveEntity' 선언을 참조하십시오.
      C:\Users\rkc32\OneDrive\Desktop\GITHUB\NBC_1\NBC_1_TP1\NBC_1_TP1\NBC_1_TP1.cpp(126,13):
      인수 목록 '(Enemy *, int, int)'을(를) 일치시키는 동안
  
C:\Users\rkc32\OneDrive\Desktop\GITHUB\NBC_1\NBC_1_TP1\NBC_1_TP1\NBC_1_TP1.cpp(154,17): error C2065: 'Direction': 선언되지 않은 식별자입니다.
C:\Users\rkc32\OneDrive\Desktop\GITHUB\NBC_1\NBC_1_TP1\NBC_1_TP1\NBC_1_TP1.cpp(154,27): error C2146: 구문 오류: ';'이(가) 'dir' 식별자 앞에 없습니다.
C:\Users\rkc32\OneDrive\Desktop\GITHUB\NBC_1\NBC_1_TP1\NBC_1_TP1\NBC_1_TP1.cpp(154,27): error C2065: 'dir': 선언되지 않은 식별자입니다.
C:\Users\rkc32\OneDrive\Desktop\GITHUB\NBC_1\NBC_1_TP1\NBC_1_TP1\NBC_1_TP1.cpp(156,27): error C2065: 'dir': 선언되지 않은 식별자입니다.
C:\Users\rkc32\OneDrive\Desktop\GITHUB\NBC_1\NBC_1_TP1\NBC_1_TP1\NBC_1_TP1.cpp(156,33): error C2653: 'Direction': 클래스 또는 네임스페이스 이름이 아닙니다.
C:\Users\rkc32\OneDrive\Desktop\GITHUB\NBC_1\NBC_1_TP1\NBC_1_TP1\NBC_1_TP1.cpp(156,44): error C2065: 'UP': 선언되지 않은 식별자입니다.
C:\Users\rkc32\OneDrive\Desktop\GITHUB\NBC_1\NBC_1_TP1\NBC_1_TP1\NBC_1_TP1.cpp(157,27): error C2065: 'dir': 선언되지 않은 식별자입니다.
C:\Users\rkc32\OneDrive\Desktop\GITHUB\NBC_1\NBC_1_TP1\NBC_1_TP1\NBC_1_TP1.cpp(157,33): error C2653: 'Direction': 클래스 또는 네임스페이스 이름이 아닙니다.
C:\Users\rkc32\OneDrive\Desktop\GITHUB\NBC_1\NBC_1_TP1\NBC_1_TP1\NBC_1_TP1.cpp(157,44): error C2065: 'DOWN': 선언되지 않은 식별자입니다.
C:\Users\rkc32\OneDrive\Desktop\GITHUB\NBC_1\NBC_1_TP1\NBC_1_TP1\NBC_1_TP1.cpp(158,27): error C2065: 'dir': 선언되지 않은 식별자입니다.
C:\Users\rkc32\OneDrive\Desktop\GITHUB\NBC_1\NBC_1_TP1\NBC_1_TP1\NBC_1_TP1.cpp(158,33): error C2653: 'Direction': 클래스 또는 네임스페이스 이름이 아닙니다.
C:\Users\rkc32\OneDrive\Desktop\GITHUB\NBC_1\NBC_1_TP1\NBC_1_TP1\NBC_1_TP1.cpp(158,44): error C2065: 'LEFT': 선언되지 않은 식별자입니다.
C:\Users\rkc32\OneDrive\Desktop\GITHUB\NBC_1\NBC_1_TP1\NBC_1_TP1\NBC_1_TP1.cpp(159,27): error C2065: 'dir': 선언되지 않은 식별자입니다.
C:\Users\rkc32\OneDrive\Desktop\GITHUB\NBC_1\NBC_1_TP1\NBC_1_TP1\NBC_1_TP1.cpp(159,33): error C2653: 'Direction': 클래스 또는 네임스페이스 이름이 아닙니다.
C:\Users\rkc32\OneDrive\Desktop\GITHUB\NBC_1\NBC_1_TP1\NBC_1_TP1\NBC_1_TP1.cpp(159,44): error C2065: 'RIGHT': 선언되지 않은 식별자입니다.
C:\Users\rkc32\OneDrive\Desktop\GITHUB\NBC_1\NBC_1_TP1\NBC_1_TP1\NBC_1_TP1.cpp(166,36): error C2039: 'GetPosX': 'Player'의 멤버가 아닙니다.
      C:\Users\rkc32\OneDrive\Desktop\GITHUB\NBC_1\NBC_1_TP1\NBC_1_TP1\Player.hpp(24,7):
      'Player' 선언을 참조하십시오.
  
C:\Users\rkc32\OneDrive\Desktop\GITHUB\NBC_1\NBC_1_TP1\NBC_1_TP1\NBC_1_TP1.cpp(167,36): error C2039: 'GetPosY': 'Player'의 멤버가 아닙니다.
      C:\Users\rkc32\OneDrive\Desktop\GITHUB\NBC_1\NBC_1_TP1\NBC_1_TP1\Player.hpp(24,7):
      'Player' 선언을 참조하십시오.
  
C:\Users\rkc32\OneDrive\Desktop\GITHUB\NBC_1\NBC_1_TP1\NBC_1_TP1\NBC_1_TP1.cpp(168,25): error C2039: 'Move': 'Player'의 멤버가 아닙니다.
      C:\Users\rkc32\OneDrive\Desktop\GITHUB\NBC_1\NBC_1_TP1\NBC_1_TP1\Player.hpp(24,7):
      'Player' 선언을 참조하십시오.
  
C:\Users\rkc32\OneDrive\Desktop\GITHUB\NBC_1\NBC_1_TP1\NBC_1_TP1\NBC_1_TP1.cpp(168,30): error C2065: 'dir': 선언되지 않은 식별자입니다.
C:\Users\rkc32\OneDrive\Desktop\GITHUB\NBC_1\NBC_1_TP1\NBC_1_TP1\NBC_1_TP1.cpp(169,62): error C2039: 'GetPosX': 'Player'의 멤버가 아닙니다.
      C:\Users\rkc32\OneDrive\Desktop\GITHUB\NBC_1\NBC_1_TP1\NBC_1_TP1\Player.hpp(24,7):
      'Player' 선언을 참조하십시오.
  
C:\Users\rkc32\OneDrive\Desktop\GITHUB\NBC_1\NBC_1_TP1\NBC_1_TP1\NBC_1_TP1.cpp(169,81): error C2039: 'GetPosY': 'Player'의 멤버가 아닙니다.
      C:\Users\rkc32\OneDrive\Desktop\GITHUB\NBC_1\NBC_1_TP1\NBC_1_TP1\Player.hpp(24,7):
      'Player' 선언을 참조하십시오.
  
C:\Users\rkc32\OneDrive\Desktop\GITHUB\NBC_1\NBC_1_TP1\NBC_1_TP1\NBC_1_TP1.cpp(169,21): error C2660: 'BattleGrid::MoveEntity': 함수는 3개의 인수를 사용하지 않습니다.
      C:\Users\rkc32\OneDrive\Desktop\GITHUB\NBC_1\NBC_1_TP1\NBC_1_TP1\NBC_1_TP1.cpp(45,10):
      'BattleGrid::MoveEntity' 선언을 참조하십시오.
      C:\Users\rkc32\OneDrive\Desktop\GITHUB\NBC_1\NBC_1_TP1\NBC_1_TP1\NBC_1_TP1.cpp(169,21):
      인수 목록 '(Player *, int, int)'을(를) 일치시키는 동안
  
C:\Users\rkc32\OneDrive\Desktop\GITHUB\NBC_1\NBC_1_TP1\NBC_1_TP1\NBC_1_TP1.cpp(170,61): error C2039: 'GetPosX': 'Player'의 멤버가 아닙니다.
      C:\Users\rkc32\OneDrive\Desktop\GITHUB\NBC_1\NBC_1_TP1\NBC_1_TP1\Player.hpp(24,7):
      'Player' 선언을 참조하십시오.
  
C:\Users\rkc32\OneDrive\Desktop\GITHUB\NBC_1\NBC_1_TP1\NBC_1_TP1\NBC_1_TP1.cpp(170,90): error C2039: 'GetPosY': 'Player'의 멤버가 아닙니다.
      C:\Users\rkc32\OneDrive\Desktop\GITHUB\NBC_1\NBC_1_TP1\NBC_1_TP1\Player.hpp(24,7):
      'Player' 선언을 참조하십시오.
  
C:\Users\rkc32\OneDrive\Desktop\GITHUB\NBC_1\NBC_1_TP1\NBC_1_TP1\NBC_1_TP1.cpp(176,39): error C2039: 'GetPosX': 'Player'의 멤버가 아닙니다.
      C:\Users\rkc32\OneDrive\Desktop\GITHUB\NBC_1\NBC_1_TP1\NBC_1_TP1\Player.hpp(24,7):
      'Player' 선언을 참조하십시오.
  
C:\Users\rkc32\OneDrive\Desktop\GITHUB\NBC_1\NBC_1_TP1\NBC_1_TP1\NBC_1_TP1.cpp(177,39): error C2039: 'GetPosY': 'Player'의 멤버가 아닙니다.
      C:\Users\rkc32\OneDrive\Desktop\GITHUB\NBC_1\NBC_1_TP1\NBC_1_TP1\Player.hpp(24,7):
      'Player' 선언을 참조하십시오.
  
C:\Users\rkc32\OneDrive\Desktop\GITHUB\NBC_1\NBC_1_TP1\NBC_1_TP1\NBC_1_TP1.cpp(178,37): error C2039: 'GetPosX': 'Enemy'의 멤버가 아닙니다.
      C:\Users\rkc32\OneDrive\Desktop\GITHUB\NBC_1\NBC_1_TP1\NBC_1_TP1\Enemy.h(6,7):
      'Enemy' 선언을 참조하십시오.
  
C:\Users\rkc32\OneDrive\Desktop\GITHUB\NBC_1\NBC_1_TP1\NBC_1_TP1\NBC_1_TP1.cpp(179,37): error C2039: 'GetPosY': 'Enemy'의 멤버가 아닙니다.
      C:\Users\rkc32\OneDrive\Desktop\GITHUB\NBC_1\NBC_1_TP1\NBC_1_TP1\Enemy.h(6,7):
      'Enemy' 선언을 참조하십시오.
  
C:\Users\rkc32\OneDrive\Desktop\GITHUB\NBC_1\NBC_1_TP1\NBC_1_TP1\NBC_1_TP1.cpp(185,28): error C2039: 'TakeDamage': 'Enemy'의 멤버가 아닙니다.
      C:\Users\rkc32\OneDrive\Desktop\GITHUB\NBC_1\NBC_1_TP1\NBC_1_TP1\Enemy.h(6,7):
      'Enemy' 선언을 참조하십시오.
  
C:\Users\rkc32\OneDrive\Desktop\GITHUB\NBC_1\NBC_1_TP1\NBC_1_TP1\NBC_1_TP1.cpp(195,63): error C2039: 'C_GetGen': 'C_Guard'의 멤버가 아닙니다.
      C:\Users\rkc32\OneDrive\Desktop\GITHUB\NBC_1\NBC_1_TP1\NBC_1_TP1\C_Guard.hpp(4,7):
      'C_Guard' 선언을 참조하십시오.
  
C:\Users\rkc32\OneDrive\Desktop\GITHUB\NBC_1\NBC_1_TP1\NBC_1_TP1\NBC_1_TP1.cpp(197,48): error C2039: 'C_GetGen': 'C_Guard'의 멤버가 아닙니다.
      C:\Users\rkc32\OneDrive\Desktop\GITHUB\NBC_1\NBC_1_TP1\NBC_1_TP1\C_Guard.hpp(4,7):
      'C_Guard' 선언을 참조하십시오.
  
C:\Users\rkc32\OneDrive\Desktop\GITHUB\NBC_1\NBC_1_TP1\NBC_1_TP1\NBC_1_TP1.cpp(209,24): error C2039: 'GetHP': 'Player'의 멤버가 아닙니다.
      C:\Users\rkc32\OneDrive\Desktop\GITHUB\NBC_1\NBC_1_TP1\NBC_1_TP1\Player.hpp(24,7):
      'Player' 선언을 참조하십시오.
  
C:\Users\rkc32\OneDrive\Desktop\GITHUB\NBC_1\NBC_1_TP1\NBC_1_TP1\NBC_1_TP1.cpp(209,47): error C2039: 'GetHP': 'Enemy'의 멤버가 아닙니다.
      C:\Users\rkc32\OneDrive\Desktop\GITHUB\NBC_1\NBC_1_TP1\NBC_1_TP1\Enemy.h(6,7):
      'Enemy' 선언을 참조하십시오.
  
C:\Users\rkc32\OneDrive\Desktop\GITHUB\NBC_1\NBC_1_TP1\NBC_1_TP1\NBC_1_TP1.cpp(216,18): error C2661: 'Player::Player': 오버로드된 함수에서 6개의 인수를 사용하지 않습니다.
      C:\Users\rkc32\OneDrive\Desktop\GITHUB\NBC_1\NBC_1_TP1\NBC_1_TP1\NBC_1_TP1.cpp(216,18):
      인수 목록 '(const char [9], int, int, int, int, int)'을(를) 일치시키는 동안
  
C:\Users\rkc32\OneDrive\Desktop\GITHUB\NBC_1\NBC_1_TP1\NBC_1_TP1\NBC_1_TP1.cpp(221,12): error C2039: 'setPosX': 'Player'의 멤버가 아닙니다.
      C:\Users\rkc32\OneDrive\Desktop\GITHUB\NBC_1\NBC_1_TP1\NBC_1_TP1\Player.hpp(24,7):
      'Player' 선언을 참조하십시오.
  
C:\Users\rkc32\OneDrive\Desktop\GITHUB\NBC_1\NBC_1_TP1\NBC_1_TP1\NBC_1_TP1.cpp(222,12): error C2039: 'setPosY': 'Player'의 멤버가 아닙니다.
      C:\Users\rkc32\OneDrive\Desktop\GITHUB\NBC_1\NBC_1_TP1\NBC_1_TP1\Player.hpp(24,7):
      'Player' 선언을 참조하십시오.
  
C:\Users\rkc32\OneDrive\Desktop\GITHUB\NBC_1\NBC_1_TP1\NBC_1_TP1\NBC_1_TP1.cpp(223,11): error C2039: 'setPosX': 'Enemy'의 멤버가 아닙니다.
      C:\Users\rkc32\OneDrive\Desktop\GITHUB\NBC_1\NBC_1_TP1\NBC_1_TP1\Enemy.h(6,7):
      'Enemy' 선언을 참조하십시오.
  
C:\Users\rkc32\OneDrive\Desktop\GITHUB\NBC_1\NBC_1_TP1\NBC_1_TP1\NBC_1_TP1.cpp(224,11): error C2039: 'setPosY': 'Enemy'의 멤버가 아닙니다.
      C:\Users\rkc32\OneDrive\Desktop\GITHUB\NBC_1\NBC_1_TP1\NBC_1_TP1\Enemy.h(6,7):
      'Enemy' 선언을 참조하십시오.
  
  Player.cpp
C:\Users\rkc32\OneDrive\Desktop\GITHUB\NBC_1\NBC_1_TP1\NBC_1_TP1\Player.hpp(11,14): error C2011: 'Entity': 'class' 형식 재정의
  (소스 파일 'Player.cpp'을(를) 컴파일하는 중)
      C:\Users\rkc32\OneDrive\Desktop\GITHUB\NBC_1\NBC_1_TP1\NBC_1_TP1\Entity.hpp(5,7):
      'Entity' 선언을 참조하십시오.
  
C:\Users\rkc32\OneDrive\Desktop\GITHUB\NBC_1\NBC_1_TP1\NBC_1_TP1\Player.hpp(24,23): error C2504: 'Entity': 기본 클래스를 정의하지 않았습니다.
  (소스 파일 'Player.cpp'을(를) 컴파일하는 중)
  
C:\Users\rkc32\OneDrive\Desktop\GITHUB\NBC_1\NBC_1_TP1\NBC_1_TP1\Player.cpp(7,7): error C2614: 'Player': 멤버 초기화가 잘못되었습니다. 'Entity'이(가) 기본 또는 멤버가 아닙니다.
C:\Users\rkc32\OneDrive\Desktop\GITHUB\NBC_1\NBC_1_TP1\NBC_1_TP1\Player.cpp(21,86): error C2039: 'C_GetGen': 'Card'의 멤버가 아닙니다.
      C:\Users\rkc32\OneDrive\Desktop\GITHUB\NBC_1\NBC_1_TP1\NBC_1_TP1\Card.hpp(4,7):
      'Card' 선언을 참조하십시오.
  
C:\Users\rkc32\OneDrive\Desktop\GITHUB\NBC_1\NBC_1_TP1\NBC_1_TP1\Player.cpp(27,5): error C2065: 'stamina': 선언되지 않은 식별자입니다.
C:\Users\rkc32\OneDrive\Desktop\GITHUB\NBC_1\NBC_1_TP1\NBC_1_TP1\Player.cpp(28,9): error C2065: 'stamina': 선언되지 않은 식별자입니다.
C:\Users\rkc32\OneDrive\Desktop\GITHUB\NBC_1\NBC_1_TP1\NBC_1_TP1\Player.cpp(29,9): error C2065: 'stamina': 선언되지 않은 식별자입니다.
C:\Users\rkc32\OneDrive\Desktop\GITHUB\NBC_1\NBC_1_TP1\NBC_1_TP1\Player.cpp(34,5): error C2065: 'stamina': 선언되지 않은 식별자입니다.
C:\Users\rkc32\OneDrive\Desktop\GITHUB\NBC_1\NBC_1_TP1\NBC_1_TP1\Player.cpp(35,9): error C2065: 'stamina': 선언되지 않은 식별자입니다.
C:\Users\rkc32\OneDrive\Desktop\GITHUB\NBC_1\NBC_1_TP1\NBC_1_TP1\Player.cpp(35,19): error C2065: 'max_stamina': 선언되지 않은 식별자입니다.
C:\Users\rkc32\OneDrive\Desktop\GITHUB\NBC_1\NBC_1_TP1\NBC_1_TP1\Player.cpp(36,9): error C2065: 'stamina': 선언되지 않은 식별자입니다.
C:\Users\rkc32\OneDrive\Desktop\GITHUB\NBC_1\NBC_1_TP1\NBC_1_TP1\Player.cpp(36,19): error C2065: 'max_stamina': 선언되지 않은 식별자입니다.
C:\Users\rkc32\OneDrive\Desktop\GITHUB\NBC_1\NBC_1_TP1\NBC_1_TP1\Player.cpp(66,12): error C2065: 'defense': 선언되지 않은 식별자입니다.
C:\Users\rkc32\OneDrive\Desktop\GITHUB\NBC_1\NBC_1_TP1\NBC_1_TP1\Player.cpp(70,28): error C2065: 'name': 선언되지 않은 식별자입니다.
C:\Users\rkc32\OneDrive\Desktop\GITHUB\NBC_1\NBC_1_TP1\NBC_1_TP1\Player.cpp(71,28): error C2065: 'hp': 선언되지 않은 식별자입니다.
C:\Users\rkc32\OneDrive\Desktop\GITHUB\NBC_1\NBC_1_TP1\NBC_1_TP1\Player.cpp(71,43): error C2065: 'max_hp': 선언되지 않은 식별자입니다.
C:\Users\rkc32\OneDrive\Desktop\GITHUB\NBC_1\NBC_1_TP1\NBC_1_TP1\Player.cpp(72,33): error C2065: 'stamina': 선언되지 않은 식별자입니다.
C:\Users\rkc32\OneDrive\Desktop\GITHUB\NBC_1\NBC_1_TP1\NBC_1_TP1\Player.cpp(72,53): error C2065: 'max_stamina': 선언되지 않은 식별자입니다.
C:\Users\rkc32\OneDrive\Desktop\GITHUB\NBC_1\NBC_1_TP1\NBC_1_TP1\Player.cpp(73,29): error C2065: 'attack': 선언되지 않은 식별자입니다.
  코드를 생성하고 있습니다...
